// Jest Snapshot v1, https://goo.gl/fbAQLP

exports[`matches snapshot 1`] = `
<DocumentFragment>
  <div
    class="MuiGrid-root MuiGrid-container MuiGrid-spacing-xs-2 MuiGrid-direction-xs-[object Object] css-18yc32f-MuiGrid-root"
  >
    <div
      class="MuiGrid-root MuiGrid-container MuiGrid-item MuiGrid-direction-xs-column MuiGrid-grid-xs-12 MuiGrid-grid-md-8 css-jfs0iv-MuiGrid-root"
    >
      <div
        class="MuiGrid-root MuiGrid-container MuiGrid-item css-1taorns-MuiGrid-root"
      >
        <div
          class="MuiBox-root css-70qvj9"
        >
          <h3
            class="MuiTypography-root MuiTypography-h3 css-118bm5y-MuiTypography-root"
          >
            Test Group
          </h3>
        </div>
        <div
          class="MuiBox-root css-1jcfcth"
        />
      </div>
      <div
        class="MuiGrid-root MuiGrid-item css-1e5jr70-MuiGrid-root"
      >
        <hr />
        <div
          class="MuiBox-root css-0"
        >
          <p
            class="MuiTypography-root MuiTypography-body1 css-ahj2mt-MuiTypography-root"
          >
            Location: 123 Test Street, Test City
          </p>
          <p
            class="MuiTypography-root MuiTypography-body1 css-ahj2mt-MuiTypography-root"
          >
            Starting at: June 23, 2023 12:00 PM
          </p>
          <p
            class="MuiTypography-root MuiTypography-body1 css-ahj2mt-MuiTypography-root"
          >
            Lasts an hour
          </p>
        </div>
      </div>
      <div
        class="MuiGrid-root MuiGrid-item css-1e5jr70-MuiGrid-root"
      >
        <hr />
        <div
          class="MuiBox-root css-1ebprri"
        >
          <p
            class="MuiTypography-root MuiTypography-body1 css-p3gdy2-MuiTypography-root"
          >
            test
          </p>
        </div>
      </div>
    </div>
    <div
      class="MuiGrid-root MuiGrid-container MuiGrid-item MuiGrid-direction-xs-column MuiGrid-grid-md-4 css-q299g3-MuiGrid-root"
    >
      <div
        class="MuiGrid-root MuiGrid-item css-1e5jr70-MuiGrid-root"
      >
        <div
          class="MuiBox-root css-1ebprri"
        >
          <div
            class="MuiPaper-root MuiPaper-elevation MuiPaper-rounded MuiPaper-elevation1 MuiAccordion-root MuiAccordion-rounded MuiAccordion-gutters css-1elwnq4-MuiPaper-root-MuiAccordion-root"
          >
            <div
              aria-controls="users-content"
              aria-expanded="false"
              class="MuiButtonBase-root MuiAccordionSummary-root MuiAccordionSummary-gutters css-sh22l5-MuiButtonBase-root-MuiAccordionSummary-root"
              id="users-header"
              role="button"
              tabindex="0"
            >
              <div
                class="MuiAccordionSummary-content MuiAccordionSummary-contentGutters css-o4b71y-MuiAccordionSummary-content"
              >
                <p
                  class="MuiTypography-root MuiTypography-body1 css-ahj2mt-MuiTypography-root"
                >
                  Users
                </p>
              </div>
              <div
                class="MuiAccordionSummary-expandIconWrapper css-yw020d-MuiAccordionSummary-expandIconWrapper"
              >
                <svg
                  aria-hidden="true"
                  class="MuiSvgIcon-root MuiSvgIcon-fontSizeMedium css-i4bv87-MuiSvgIcon-root"
                  data-testid="ExpandMoreIcon"
                  focusable="false"
                  viewBox="0 0 24 24"
                >
                  <path
                    d="M16.59 8.59 12 13.17 7.41 8.59 6 10l6 6 6-6z"
                  />
                </svg>
              </div>
            </div>
            <div
              class="MuiCollapse-root MuiCollapse-vertical MuiCollapse-hidden css-bz4dnt-MuiCollapse-root"
              style="min-height: 0px;"
            >
              <div
                class="MuiCollapse-wrapper MuiCollapse-vertical css-smkl36-MuiCollapse-wrapper"
              >
                <div
                  class="MuiCollapse-wrapperInner MuiCollapse-vertical css-9l5vo-MuiCollapse-wrapperInner"
                >
                  <div
                    aria-labelledby="users-header"
                    class="MuiAccordion-region"
                    id="users-content"
                    role="region"
                  >
                    <div
                      class="MuiAccordionDetails-root css-wmaky3-MuiAccordionDetails-root"
                    >
                      <div
                        class="MuiStack-root css-1p5q5e5-MuiStack-root"
                      >
                        <div
                          class="MuiPaper-root MuiPaper-elevation MuiPaper-rounded MuiPaper-elevation1 MuiCard-root css-gr0cqf-MuiPaper-root-MuiCard-root"
                          data-testid="usercard-TestUser"
                        >
                          <div
                            class="MuiCardContent-root css-1u0k5eo-MuiCardContent-root"
                          >
                            <div
                              class="MuiAvatar-root MuiAvatar-circular MuiAvatar-colorDefault css-hqywrk-MuiAvatar-root"
                            >
                              <svg
                                aria-hidden="true"
                                class="MuiSvgIcon-root MuiSvgIcon-fontSizeMedium MuiAvatar-fallback css-10mi8st-MuiSvgIcon-root-MuiAvatar-fallback"
                                data-testid="PersonIcon"
                                focusable="false"
                                viewBox="0 0 24 24"
                              >
                                <path
                                  d="M12 12c2.21 0 4-1.79 4-4s-1.79-4-4-4-4 1.79-4 4 1.79 4 4 4zm0 2c-2.67 0-8 1.34-8 4v2h16v-2c0-2.66-5.33-4-8-4z"
                                />
                              </svg>
                            </div>
                            <a
                              class="MuiTypography-root MuiTypography-h6 css-1805zfj-MuiTypography-root"
                              href="/users/TestUser"
                            >
                              TestUser
                            </a>
                          </div>
                        </div>
                        <div
                          class="MuiPaper-root MuiPaper-elevation MuiPaper-rounded MuiPaper-elevation1 MuiCard-root css-gr0cqf-MuiPaper-root-MuiCard-root"
                          data-testid="usercard-TestUser3"
                        >
                          <div
                            class="MuiCardContent-root css-1u0k5eo-MuiCardContent-root"
                          >
                            <div
                              class="MuiAvatar-root MuiAvatar-circular MuiAvatar-colorDefault css-hqywrk-MuiAvatar-root"
                            >
                              <svg
                                aria-hidden="true"
                                class="MuiSvgIcon-root MuiSvgIcon-fontSizeMedium MuiAvatar-fallback css-10mi8st-MuiSvgIcon-root-MuiAvatar-fallback"
                                data-testid="PersonIcon"
                                focusable="false"
                                viewBox="0 0 24 24"
                              >
                                <path
                                  d="M12 12c2.21 0 4-1.79 4-4s-1.79-4-4-4-4 1.79-4 4 1.79 4 4 4zm0 2c-2.67 0-8 1.34-8 4v2h16v-2c0-2.66-5.33-4-8-4z"
                                />
                              </svg>
                            </div>
                            <a
                              class="MuiTypography-root MuiTypography-h6 css-1805zfj-MuiTypography-root"
                              href="/users/TestUser3"
                            >
                              TestUser3
                            </a>
                          </div>
                        </div>
                      </div>
                    </div>
                  </div>
                </div>
              </div>
            </div>
          </div>
          <div
            class="MuiPaper-root MuiPaper-elevation MuiPaper-rounded MuiPaper-elevation1 MuiAccordion-root MuiAccordion-rounded MuiAccordion-gutters css-1elwnq4-MuiPaper-root-MuiAccordion-root"
          >
            <div
              aria-controls="games-content"
              aria-expanded="false"
              class="MuiButtonBase-root MuiAccordionSummary-root MuiAccordionSummary-gutters css-sh22l5-MuiButtonBase-root-MuiAccordionSummary-root"
              id="games-header"
              role="button"
              tabindex="0"
            >
              <div
                class="MuiAccordionSummary-content MuiAccordionSummary-contentGutters css-o4b71y-MuiAccordionSummary-content"
              >
                <p
                  class="MuiTypography-root MuiTypography-body1 css-ahj2mt-MuiTypography-root"
                >
                  Games
                </p>
              </div>
              <div
                class="MuiAccordionSummary-expandIconWrapper css-yw020d-MuiAccordionSummary-expandIconWrapper"
              >
                <svg
                  aria-hidden="true"
                  class="MuiSvgIcon-root MuiSvgIcon-fontSizeMedium css-i4bv87-MuiSvgIcon-root"
                  data-testid="ExpandMoreIcon"
                  focusable="false"
                  viewBox="0 0 24 24"
                >
                  <path
                    d="M16.59 8.59 12 13.17 7.41 8.59 6 10l6 6 6-6z"
                  />
                </svg>
              </div>
            </div>
            <div
              class="MuiCollapse-root MuiCollapse-vertical MuiCollapse-hidden css-bz4dnt-MuiCollapse-root"
              style="min-height: 0px;"
            >
              <div
                class="MuiCollapse-wrapper MuiCollapse-vertical css-smkl36-MuiCollapse-wrapper"
              >
                <div
                  class="MuiCollapse-wrapperInner MuiCollapse-vertical css-9l5vo-MuiCollapse-wrapperInner"
                >
                  <div
                    aria-labelledby="games-header"
                    class="MuiAccordion-region"
                    id="games-content"
                    role="region"
                  >
                    <div
                      class="MuiAccordionDetails-root css-wmaky3-MuiAccordionDetails-root"
                    >
                      <div
                        class="MuiStack-root css-76scyl-MuiStack-root"
                      >
                        <div
                          class="MuiPaper-root MuiPaper-elevation MuiPaper-rounded MuiPaper-elevation1 MuiCard-root css-gr0cqf-MuiPaper-root-MuiCard-root"
                          data-testid="gamecard-1"
                        >
                          <div
                            class="MuiCardContent-root css-1u0k5eo-MuiCardContent-root"
                          >
                            <div
                              class="MuiAvatar-root MuiAvatar-square css-137moi2-MuiAvatar-root"
                            >
                              <img
                                class="MuiAvatar-img css-1pqm26d-MuiAvatar-img"
                                src="/game-controller.png"
                              />
                            </div>
                            <h6
                              class="MuiTypography-root MuiTypography-h6 css-2ulfj5-MuiTypography-root"
                            >
                              Test Game 1
                            </h6>
                          </div>
                          <div
                            class="MuiCardActions-root MuiCardActions-spacing css-1t6e9jv-MuiCardActions-root"
                          />
                        </div>
                        <div
                          class="MuiPaper-root MuiPaper-elevation MuiPaper-rounded MuiPaper-elevation1 MuiCard-root css-gr0cqf-MuiPaper-root-MuiCard-root"
                          data-testid="gamecard--1"
                        >
                          <div
                            class="MuiCardContent-root css-1u0k5eo-MuiCardContent-root"
                          >
                            <div
                              class="MuiAvatar-root MuiAvatar-square css-137moi2-MuiAvatar-root"
                            >
                              <img
                                class="MuiAvatar-img css-1pqm26d-MuiAvatar-img"
                                src="/game-controller.png"
                              />
                            </div>
                            <h6
                              class="MuiTypography-root MuiTypography-h6 css-2ulfj5-MuiTypography-root"
                            >
                              Trivia
                            </h6>
                          </div>
                          <div
                            class="MuiCardActions-root MuiCardActions-spacing css-1t6e9jv-MuiCardActions-root"
                          />
                        </div>
                      </div>
                    </div>
                  </div>
                </div>
              </div>
            </div>
          </div>
        </div>
      </div>
    </div>
  </div>
</DocumentFragment>
`;
